{"sessionId":"dc7bab","hypothesisId":"A","location":"MigrationValidationController.php:getMSSQLCount","message":"identifier config","data":{"table":"patientchargecodes","identifierFields":["patientchargecodes_id","chargecodes_id"],"isComposite":true,"distinctCols":"patientchargecodes_id, chargecodes_id"},"timestamp":1783671957550}
{"sessionId":"dc7bab","hypothesisId":"A","location":"MigrationValidationController.php:getMSSQLCount","message":"identifier config","data":{"table":"patientchargecodes","identifierFields":["chargecodes_id","patientvisituid","patientorderuid","patientorderitemuid","org_id"],"isComposite":true,"distinctCols":"chargecodes_id, patientvisituid, patientorderuid, patientorderitemuid, org_id"},"timestamp":1783672078347}
{"sessionId":"dc7bab","hypothesisId":"B","location":"MigrationValidationController.php:getMSSQLCount","message":"count result","data":{"table":"patientchargecodes","total":"76086","usedSubquery":true,"skippedCountDistinct":true},"timestamp":1783672080944}
{"sessionId":"dc7bab","hypothesisId":"A","location":"MigrationValidationController.php:getMSSQLCount","message":"identifier config","data":{"table":"patients","identifierFields":["mrn"],"isComposite":false,"distinctCols":"mrn"},"timestamp":1783912026847}
{"sessionId":"dc7bab","hypothesisId":"B","location":"MigrationValidationController.php:getMSSQLCount","message":"count result","data":{"table":"patients","total":"344","usedSubquery":true,"skippedCountDistinct":false},"timestamp":1783912028213}
{"sessionId":"dc7bab","hypothesisId":"A","location":"MigrationValidationController.php:getMSSQLCount","message":"identifier config","data":{"table":"careproviders","identifierFields":["careprovider_id"],"isComposite":false,"distinctCols":"careprovider_id"},"timestamp":1783912028217}
{"sessionId":"dc7bab","hypothesisId":"B","location":"MigrationValidationController.php:getMSSQLCount","message":"count result","data":{"table":"careproviders","total":"0","usedSubquery":true,"skippedCountDistinct":false},"timestamp":1783912028238}
{"sessionId":"dc7bab","hypothesisId":"A","location":"MigrationValidationController.php:getMSSQLCount","message":"identifier config","data":{"table":"patientorderitems","identifierFields":["patientorderitems_id"],"isComposite":false,"distinctCols":"patientorderitems_id"},"timestamp":1783912039445}
{"sessionId":"dc7bab","hypothesisId":"B","location":"MigrationValidationController.php:getMSSQLCount","message":"count result","data":{"table":"patientorderitems","total":"8447","usedSubquery":true,"skippedCountDistinct":false},"timestamp":1783912044998}
{"sessionId":"dc7bab","hypothesisId":"A","location":"MigrationValidationController.php:getMSSQLCount","message":"identifier config","data":{"table":"patientorders","identifierFields":["patientorders_id"],"isComposite":false,"distinctCols":"patientorders_id"},"timestamp":1783912050474}
{"sessionId":"dc7bab","hypothesisId":"B","location":"MigrationValidationController.php:getMSSQLCount","message":"count result","data":{"table":"patientorders","total":"4626","usedSubquery":true,"skippedCountDistinct":false},"timestamp":1783912053320}
{"sessionId":"dc7bab","hypothesisId":"A","location":"MigrationValidationController.php:getMSSQLCount","message":"identifier config","data":{"table":"bedoccupancy","identifierFields":["bedoccupancy_id"],"isComposite":false,"distinctCols":"bedoccupancy_id"},"timestamp":1783912053350}
{"sessionId":"dc7bab","hypothesisId":"B","location":"MigrationValidationController.php:getMSSQLCount","message":"count result","data":{"table":"bedoccupancy","total":"34","usedSubquery":true,"skippedCountDistinct":false},"timestamp":1783912053552}
{"sessionId":"dc7bab","hypothesisId":"A","location":"MigrationValidationController.php:getMSSQLCount","message":"identifier config","data":{"table":"patientvisits","identifierFields":["patientvisits_id"],"isComposite":false,"distinctCols":"patientvisits_id"},"timestamp":1783912053719}
{"sessionId":"dc7bab","hypothesisId":"B","location":"MigrationValidationController.php:getMSSQLCount","message":"count result","data":{"table":"patientvisits","total":"582","usedSubquery":true,"skippedCountDistinct":false},"timestamp":1783912054784}
{"sessionId":"dc7bab","hypothesisId":"A","location":"MigrationValidationController.php:getMSSQLCount","message":"identifier config","data":{"table":"payors","identifierFields":["payor_id"],"isComposite":false,"distinctCols":"payor_id"},"timestamp":1783912054795}
{"sessionId":"dc7bab","hypothesisId":"B","location":"MigrationValidationController.php:getMSSQLCount","message":"count result","data":{"table":"payors","total":"4","usedSubquery":true,"skippedCountDistinct":false},"timestamp":1783912054842}
{"sessionId":"dc7bab","hypothesisId":"A","location":"MigrationValidationController.php:getMSSQLCount","message":"identifier config","data":{"table":"dischargeprocesses","identifierFields":["dischargeprocesses_id"],"isComposite":false,"distinctCols":"dischargeprocesses_id"},"timestamp":1783912054858}
{"sessionId":"dc7bab","hypothesisId":"B","location":"MigrationValidationController.php:getMSSQLCount","message":"count result","data":{"table":"dischargeprocesses","total":"27","usedSubquery":true,"skippedCountDistinct":false},"timestamp":1783912054934}
{"sessionId":"dc7bab","hypothesisId":"A","location":"MigrationValidationController.php:getMSSQLCount","message":"identifier config","data":{"table":"patientbills","identifierFields":["patientbills_id"],"isComposite":false,"distinctCols":"patientbills_id"},"timestamp":1783912055144}
{"sessionId":"dc7bab","hypothesisId":"B","location":"MigrationValidationController.php:getMSSQLCount","message":"count result","data":{"table":"patientbills","total":"584","usedSubquery":true,"skippedCountDistinct":false},"timestamp":1783912056166}
{"sessionId":"dc7bab","hypothesisId":"A","location":"MigrationValidationController.php:getMSSQLCount","message":"identifier config","data":{"table":"patientbilleditems","identifierFields":["patientbilleditems_id"],"isComposite":false,"distinctCols":"patientbilleditems_id"},"timestamp":1783912068083}
{"sessionId":"dc7bab","hypothesisId":"B","location":"MigrationValidationController.php:getMSSQLCount","message":"count result","data":{"table":"patientbilleditems","total":"11179","usedSubquery":true,"skippedCountDistinct":false},"timestamp":1783912080179}
{"sessionId":"dc7bab","hypothesisId":"A","location":"MigrationValidationController.php:getMSSQLCount","message":"identifier config","data":{"table":"patientprocedures","identifierFields":["patientprocedures_id"],"isComposite":false,"distinctCols":"patientprocedures_id"},"timestamp":1783912080207}
{"sessionId":"dc7bab","hypothesisId":"B","location":"MigrationValidationController.php:getMSSQLCount","message":"count result","data":{"table":"patientprocedures","total":"0","usedSubquery":true,"skippedCountDistinct":false},"timestamp":1783912081108}
{"sessionId":"dc7bab","hypothesisId":"A","location":"MigrationValidationController.php:getMSSQLCount","message":"identifier config","data":{"table":"patientpackages","identifierFields":["patientpackages_id"],"isComposite":false,"distinctCols":"patientpackages_id"},"timestamp":1783912081297}
{"sessionId":"dc7bab","hypothesisId":"B","location":"MigrationValidationController.php:getMSSQLCount","message":"count result","data":{"table":"patientpackages","total":"204","usedSubquery":true,"skippedCountDistinct":false},"timestamp":1783912081556}
{"sessionId":"dc7bab","hypothesisId":"A","location":"MigrationValidationController.php:getMSSQLCount","message":"identifier config","data":{"table":"patientpackages_orderitems","identifierFields":["patientpackagesorderitems_id"],"isComposite":false,"distinctCols":"patientpackagesorderitems_id"},"timestamp":1783912081656}
{"sessionId":"dc7bab","hypothesisId":"B","location":"MigrationValidationController.php:getMSSQLCount","message":"count result","data":{"table":"patientpackages_orderitems","total":"1565","usedSubquery":true,"skippedCountDistinct":false},"timestamp":1783912083851}
{"sessionId":"dc7bab","hypothesisId":"A","location":"MigrationValidationController.php:getMSSQLCount","message":"identifier config","data":{"table":"patientbilleditempayments","identifierFields":["patientbilleditempayments_id"],"isComposite":false,"distinctCols":"patientbilleditempayments_id"},"timestamp":1783912086162}
{"sessionId":"dc7bab","hypothesisId":"B","location":"MigrationValidationController.php:getMSSQLCount","message":"count result","data":{"table":"patientbilleditempayments","total":"2975","usedSubquery":true,"skippedCountDistinct":false},"timestamp":1783912087757}
{"sessionId":"dc7bab","hypothesisId":"A","location":"MigrationValidationController.php:getMSSQLCount","message":"identifier config","data":{"table":"patientbilldeductions_careprovider","identifierFields":["careproviderdata_id"],"isComposite":false,"distinctCols":"careproviderdata_id"},"timestamp":1783912087813}
{"sessionId":"dc7bab","hypothesisId":"B","location":"MigrationValidationController.php:getMSSQLCount","message":"count result","data":{"table":"patientbilldeductions_careprovider","total":"272","usedSubquery":true,"skippedCountDistinct":false},"timestamp":1783912089000}
{"sessionId":"dc7bab","hypothesisId":"A","location":"MigrationValidationController.php:getMSSQLCount","message":"identifier config","data":{"table":"patientbills_paymentdetails","identifierFields":["paymentdetails_id"],"isComposite":false,"distinctCols":"paymentdetails_id"},"timestamp":1783912090051}
{"sessionId":"dc7bab","hypothesisId":"B","location":"MigrationValidationController.php:getMSSQLCount","message":"count result","data":{"table":"patientbills_paymentdetails","total":"375","usedSubquery":true,"skippedCountDistinct":false},"timestamp":1783912092087}
{"sessionId":"dc7bab","hypothesisId":"A","location":"MigrationValidationController.php:getMSSQLCount","message":"identifier config","data":{"table":"deposits","identifierFields":["deposits_id"],"isComposite":false,"distinctCols":"deposits_id"},"timestamp":1783912092182}
{"sessionId":"dc7bab","hypothesisId":"B","location":"MigrationValidationController.php:getMSSQLCount","message":"count result","data":{"table":"deposits","total":"131","usedSubquery":true,"skippedCountDistinct":false},"timestamp":1783912092946}
{"sessionId":"dc7bab","hypothesisId":"A","location":"MigrationValidationController.php:getMSSQLCount","message":"identifier config","data":{"table":"visitpayors","identifierFields":["patientvisits_visitpayors_id"],"isComposite":false,"distinctCols":"patientvisits_visitpayors_id"},"timestamp":1783912093267}
{"sessionId":"dc7bab","hypothesisId":"B","location":"MigrationValidationController.php:getMSSQLCount","message":"count result","data":{"table":"visitpayors","total":"902","usedSubquery":true,"skippedCountDistinct":false},"timestamp":1783912095210}
{"sessionId":"dc7bab","hypothesisId":"A","location":"MigrationValidationController.php:getMSSQLCount","message":"identifier config","data":{"table":"goodsreceives","identifierFields":["goodsreceives_id"],"isComposite":false,"distinctCols":"goodsreceives_id"},"timestamp":1783912095265}
{"sessionId":"dc7bab","hypothesisId":"B","location":"MigrationValidationController.php:getMSSQLCount","message":"count result","data":{"table":"goodsreceives","total":"4","usedSubquery":true,"skippedCountDistinct":false},"timestamp":1783912095374}
{"sessionId":"dc7bab","hypothesisId":"A","location":"MigrationValidationController.php:getMSSQLCount","message":"identifier config","data":{"table":"goodsreceives_itemdetails","identifierFields":["goodsreceives_itemdetails_id"],"isComposite":false,"distinctCols":"goodsreceives_itemdetails_id"},"timestamp":1783912095434}
{"sessionId":"dc7bab","hypothesisId":"B","location":"MigrationValidationController.php:getMSSQLCount","message":"count result","data":{"table":"goodsreceives_itemdetails","total":"4","usedSubquery":true,"skippedCountDistinct":false},"timestamp":1783912095614}
{"sessionId":"dc7bab","hypothesisId":"A","location":"MigrationValidationController.php:getMSSQLCount","message":"identifier config","data":{"table":"stock_trans_iss","identifierFields":["stocktransfers_id"],"isComposite":false,"distinctCols":"stocktransfers_id"},"timestamp":1783912095684}
{"sessionId":"dc7bab","hypothesisId":"B","location":"MigrationValidationController.php:getMSSQLCount","message":"count result","data":{"table":"stock_trans_iss","total":"49","usedSubquery":true,"skippedCountDistinct":false},"timestamp":1783912096058}
{"sessionId":"dc7bab","hypothesisId":"A","location":"MigrationValidationController.php:getMSSQLCount","message":"identifier config","data":{"table":"stock_trans_iss_items","identifierFields":["stocktransfers_itemdetails_id"],"isComposite":false,"distinctCols":"stocktransfers_itemdetails_id"},"timestamp":1783912096170}
{"sessionId":"dc7bab","hypothesisId":"B","location":"MigrationValidationController.php:getMSSQLCount","message":"count result","data":{"table":"stock_trans_iss_items","total":"78","usedSubquery":true,"skippedCountDistinct":false},"timestamp":1783912097315}
{"sessionId":"dc7bab","hypothesisId":"A","location":"MigrationValidationController.php:getMSSQLCount","message":"identifier config","data":{"table":"stock_returns","identifierFields":["stockreturns_id"],"isComposite":false,"distinctCols":"stockreturns_id"},"timestamp":1783912097381}
{"sessionId":"dc7bab","hypothesisId":"B","location":"MigrationValidationController.php:getMSSQLCount","message":"count result","data":{"table":"stock_returns","total":"0","usedSubquery":true,"skippedCountDistinct":false},"timestamp":1783912097432}
{"sessionId":"dc7bab","hypothesisId":"A","location":"MigrationValidationController.php:getMSSQLCount","message":"identifier config","data":{"table":"stock_returns_items","identifierFields":["stockreturns_itemdetails_id"],"isComposite":false,"distinctCols":"stockreturns_itemdetails_id"},"timestamp":1783912097452}
{"sessionId":"dc7bab","hypothesisId":"B","location":"MigrationValidationController.php:getMSSQLCount","message":"count result","data":{"table":"stock_returns_items","total":"0","usedSubquery":true,"skippedCountDistinct":false},"timestamp":1783912097504}
{"sessionId":"dc7bab","hypothesisId":"A","location":"MigrationValidationController.php:getMSSQLCount","message":"identifier config","data":{"table":"orderitemcodes","identifierFields":["code"],"isComposite":false,"distinctCols":"code"},"timestamp":1783912097513}
{"sessionId":"dc7bab","hypothesisId":"B","location":"MigrationValidationController.php:getMSSQLCount","message":"count result","data":{"table":"orderitemcodes","total":"0","usedSubquery":true,"skippedCountDistinct":false},"timestamp":1783912097857}
{"sessionId":"dc7bab","hypothesisId":"A","location":"MigrationValidationController.php:getMSSQLCount","message":"identifier config","data":{"table":"departments","identifierFields":["departmentcode"],"isComposite":false,"distinctCols":"departmentcode"},"timestamp":1783912097879}
{"sessionId":"dc7bab","hypothesisId":"B","location":"MigrationValidationController.php:getMSSQLCount","message":"count result","data":{"table":"departments","total":"0","usedSubquery":true,"skippedCountDistinct":false},"timestamp":1783912097900}
{"sessionId":"dc7bab","hypothesisId":"A","location":"MigrationValidationController.php:getMSSQLCount","message":"identifier config","data":{"table":"vendors","identifierFields":["vendorcode"],"isComposite":false,"distinctCols":"vendorcode"},"timestamp":1783912097954}
{"sessionId":"dc7bab","hypothesisId":"B","location":"MigrationValidationController.php:getMSSQLCount","message":"count result","data":{"table":"vendors","total":"0","usedSubquery":true,"skippedCountDistinct":false},"timestamp":1783912097981}
{"sessionId":"dc7bab","hypothesisId":"A","location":"MigrationValidationController.php:getMSSQLCount","message":"identifier config","data":{"table":"tpas","identifierFields":["tpa_id"],"isComposite":false,"distinctCols":"tpa_id"},"timestamp":1783912098028}
{"sessionId":"dc7bab","hypothesisId":"B","location":"MigrationValidationController.php:getMSSQLCount","message":"count result","data":{"table":"tpas","total":"4","usedSubquery":true,"skippedCountDistinct":false},"timestamp":1783912098097}
{"sessionId":"dc7bab","hypothesisId":"A","location":"MigrationValidationController.php:getMSSQLCount","message":"identifier config","data":{"table":"payortpaagreement","identifierFields":["payor_id"],"isComposite":false,"distinctCols":"payor_id"},"timestamp":1783912098140}
{"sessionId":"dc7bab","hypothesisId":"B","location":"MigrationValidationController.php:getMSSQLCount","message":"count result","data":{"table":"payortpaagreement","total":"4","usedSubquery":true,"skippedCountDistinct":false},"timestamp":1783912098243}
{"sessionId":"dc7bab","hypothesisId":"A","location":"MigrationValidationController.php:getMSSQLCount","message":"identifier config","data":{"table":"itemmasters","identifierFields":["itemmasters_id"],"isComposite":false,"distinctCols":"itemmasters_id"},"timestamp":1783912098262}
{"sessionId":"dc7bab","hypothesisId":"B","location":"MigrationValidationController.php:getMSSQLCount","message":"count result","data":{"table":"itemmasters","total":"0","usedSubquery":true,"skippedCountDistinct":false},"timestamp":1783912098523}
{"sessionId":"dc7bab","hypothesisId":"A","location":"MigrationValidationController.php:getMSSQLCount","message":"identifier config","data":{"table":"patientbilleditempayments_paymentdetails","identifierFields":["paymentdetails_id_PK"],"isComposite":false,"distinctCols":"paymentdetails_id_PK"},"timestamp":1783912099081}
{"sessionId":"dc7bab","hypothesisId":"B","location":"MigrationValidationController.php:getMSSQLCount","message":"count result","data":{"table":"patientbilleditempayments_paymentdetails","total":"10741","usedSubquery":true,"skippedCountDistinct":false},"timestamp":1783912105389}
{"sessionId":"dc7bab","hypothesisId":"A","location":"MigrationValidationController.php:getMSSQLCount","message":"identifier config","data":{"table":"itembillinggroup","identifierFields":["orderitem_id"],"isComposite":false,"distinctCols":"orderitem_id"},"timestamp":1783912105401}
{"sessionId":"dc7bab","hypothesisId":"B","location":"MigrationValidationController.php:getMSSQLCount","message":"count result","data":{"table":"itembillinggroup","total":"0","usedSubquery":true,"skippedCountDistinct":false},"timestamp":1783912106177}
{"sessionId":"dc7bab","hypothesisId":"A","location":"MigrationValidationController.php:getMSSQLCount","message":"identifier config","data":{"table":"stockledgers","identifierFields":["stockledgers_id"],"isComposite":false,"distinctCols":"stockledgers_id"},"timestamp":1783912106206}
{"sessionId":"dc7bab","hypothesisId":"B","location":"MigrationValidationController.php:getMSSQLCount","message":"count result","data":{"table":"stockledgers","total":"38","usedSubquery":true,"skippedCountDistinct":false},"timestamp":1783912106717}
{"sessionId":"dc7bab","hypothesisId":"A","location":"MigrationValidationController.php:getMSSQLCount","message":"identifier config","data":{"table":"stockledgersdetails","identifierFields":["stockledgersdetails_id"],"isComposite":false,"distinctCols":"stockledgersdetails_id"},"timestamp":1783912106822}
{"sessionId":"dc7bab","hypothesisId":"B","location":"MigrationValidationController.php:getMSSQLCount","message":"count result","data":{"table":"stockledgersdetails","total":"73","usedSubquery":true,"skippedCountDistinct":false},"timestamp":1783912113294}
{"sessionId":"dc7bab","hypothesisId":"A","location":"MigrationValidationController.php:getMSSQLCount","message":"identifier config","data":{"table":"tariff_master","identifierFields":["tariffs_id"],"isComposite":false,"distinctCols":"tariffs_id"},"timestamp":1783912113299}
{"sessionId":"dc7bab","hypothesisId":"B","location":"MigrationValidationController.php:getMSSQLCount","message":"count result","data":{"table":"tariff_master","total":"0","usedSubquery":true,"skippedCountDistinct":false},"timestamp":1783912114021}
{"sessionId":"dc7bab","hypothesisId":"A","location":"MigrationValidationController.php:getMSSQLCount","message":"identifier config","data":{"table":"patientchargecodes","identifierFields":["chargecodes_id","patientvisituid","patientorderuid","patientorderitemuid","org_id"],"isComposite":true,"distinctCols":"chargecodes_id, patientvisituid, patientorderuid, patientorderitemuid, org_id"},"timestamp":1783912122953}
{"sessionId":"dc7bab","hypothesisId":"B","location":"MigrationValidationController.php:getMSSQLCount","message":"count result","data":{"table":"patientchargecodes","total":"63802","usedSubquery":true,"skippedCountDistinct":true},"timestamp":1783912126716}
{"sessionId":"dc7bab","hypothesisId":"A","location":"MigrationValidationController.php:getMSSQLCount","message":"identifier config","data":{"table":"stockdispenses","identifierFields":["stockdispensesitemdetails_id"],"isComposite":false,"distinctCols":"stockdispensesitemdetails_id"},"timestamp":1783912127427}
{"sessionId":"dc7bab","hypothesisId":"B","location":"MigrationValidationController.php:getMSSQLCount","message":"count result","data":{"table":"stockdispenses","total":"2382","usedSubquery":true,"skippedCountDistinct":false},"timestamp":1783912131186}
{"sessionId":"dc7bab","hypothesisId":"A","location":"MigrationValidationController.php:getMSSQLCount","message":"identifier config","data":{"table":"patientbilldeductions","identifierFields":["patientbilldeductions_id"],"isComposite":false,"distinctCols":"patientbilldeductions_id"},"timestamp":1783912229326}
{"sessionId":"dc7bab","hypothesisId":"B","location":"MigrationValidationController.php:getMSSQLCount","message":"count result","data":{"table":"patientbilldeductions","total":"632","usedSubquery":true,"skippedCountDistinct":false},"timestamp":1783912230048}
{"sessionId":"dc7bab","hypothesisId":"A","location":"MigrationValidationController.php:getMSSQLCount","message":"identifier config","data":{"table":"lab_exams","identifierFields":["examresult_id"],"isComposite":false,"distinctCols":"examresult_id"},"timestamp":1783912230634}
{"sessionId":"dc7bab","hypothesisId":"B","location":"MigrationValidationController.php:getMSSQLCount","message":"count result","data":{"table":"lab_exams","total":"1431","usedSubquery":true,"skippedCountDistinct":false},"timestamp":1783912230994}
{"sessionId":"dc7bab","hypothesisId":"A","location":"MigrationValidationController.php:getMSSQLCount","message":"identifier config","data":{"table":"rad_exams","identifierFields":["examresult_id"],"isComposite":false,"distinctCols":"examresult_id"},"timestamp":1783912231358}
{"sessionId":"dc7bab","hypothesisId":"B","location":"MigrationValidationController.php:getMSSQLCount","message":"count result","data":{"table":"rad_exams","total":"1431","usedSubquery":true,"skippedCountDistinct":false},"timestamp":1783912231755}
{"sessionId":"dc7bab","hypothesisId":"A","location":"MigrationValidationController.php:getMSSQLCount","message":"identifier config","data":{"table":"rad_exams","identifierFields":["examresult_id"],"isComposite":false,"distinctCols":"examresult_id"},"timestamp":1783913297107}
{"sessionId":"dc7bab","hypothesisId":"B","location":"MigrationValidationController.php:getMSSQLCount","message":"count result","data":{"table":"rad_exams","total":"1431","usedSubquery":true,"skippedCountDistinct":false},"timestamp":1783913297273}
{"sessionId":"dc7bab","hypothesisId":"A","location":"MigrationValidationController.php:getMSSQLCount","message":"identifier config","data":{"table":"lab_exams","identifierFields":["examresult_id"],"isComposite":false,"distinctCols":"examresult_id"},"timestamp":1783913427535}
{"sessionId":"dc7bab","hypothesisId":"B","location":"MigrationValidationController.php:getMSSQLCount","message":"count result","data":{"table":"lab_exams","total":"1431","usedSubquery":true,"skippedCountDistinct":false},"timestamp":1783913427705}
{"sessionId":"dc7bab","hypothesisId":"A","location":"MigrationValidationController.php:getMSSQLCount","message":"identifier config","data":{"table":"stockledgers","identifierFields":["stockledgers_id"],"isComposite":false,"distinctCols":"stockledgers_id"},"timestamp":1783913735133}
{"sessionId":"dc7bab","hypothesisId":"B","location":"MigrationValidationController.php:getMSSQLCount","message":"count result","data":{"table":"stockledgers","total":"38","usedSubquery":true,"skippedCountDistinct":false},"timestamp":1783913735833}
{"sessionId":"dc7bab","hypothesisId":"A","location":"MigrationValidationController.php:getMSSQLCount","message":"identifier config","data":{"table":"stock_trans_iss","identifierFields":["stocktransfers_id"],"isComposite":false,"distinctCols":"stocktransfers_id"},"timestamp":1783914032298}
{"sessionId":"dc7bab","hypothesisId":"B","location":"MigrationValidationController.php:getMSSQLCount","message":"count result","data":{"table":"stock_trans_iss","total":"49","usedSubquery":true,"skippedCountDistinct":false},"timestamp":1783914032715}
{"sessionId":"dc7bab","hypothesisId":"A","location":"MigrationValidationController.php:getMSSQLCount","message":"identifier config","data":{"table":"patients","identifierFields":["mrn"],"isComposite":false,"distinctCols":"mrn"},"timestamp":1783922157496}
{"sessionId":"dc7bab","hypothesisId":"B","location":"MigrationValidationController.php:getMSSQLCount","message":"count result","data":{"table":"patients","total":"344","usedSubquery":true,"skippedCountDistinct":false},"timestamp":1783922158909}
{"sessionId":"dc7bab","hypothesisId":"A","location":"MigrationValidationController.php:getMSSQLCount","message":"identifier config","data":{"table":"careproviders","identifierFields":["careprovider_id"],"isComposite":false,"distinctCols":"careprovider_id"},"timestamp":1783922158914}
{"sessionId":"dc7bab","hypothesisId":"B","location":"MigrationValidationController.php:getMSSQLCount","message":"count result","data":{"table":"careproviders","total":"0","usedSubquery":true,"skippedCountDistinct":false},"timestamp":1783922158926}
{"sessionId":"dc7bab","hypothesisId":"A","location":"MigrationValidationController.php:getMSSQLCount","message":"identifier config","data":{"table":"patientorderitems","identifierFields":["patientorderitems_id"],"isComposite":false,"distinctCols":"patientorderitems_id"},"timestamp":1783922168765}
{"sessionId":"dc7bab","hypothesisId":"B","location":"MigrationValidationController.php:getMSSQLCount","message":"count result","data":{"table":"patientorderitems","total":"8447","usedSubquery":true,"skippedCountDistinct":false},"timestamp":1783922173534}
{"sessionId":"dc7bab","hypothesisId":"A","location":"MigrationValidationController.php:getMSSQLCount","message":"identifier config","data":{"table":"patientorders","identifierFields":["patientorders_id"],"isComposite":false,"distinctCols":"patientorders_id"},"timestamp":1783922178911}
{"sessionId":"dc7bab","hypothesisId":"B","location":"MigrationValidationController.php:getMSSQLCount","message":"count result","data":{"table":"patientorders","total":"4626","usedSubquery":true,"skippedCountDistinct":false},"timestamp":1783922181735}
{"sessionId":"dc7bab","hypothesisId":"A","location":"MigrationValidationController.php:getMSSQLCount","message":"identifier config","data":{"table":"bedoccupancy","identifierFields":["bedoccupancy_id"],"isComposite":false,"distinctCols":"bedoccupancy_id"},"timestamp":1783922181765}
{"sessionId":"dc7bab","hypothesisId":"B","location":"MigrationValidationController.php:getMSSQLCount","message":"count result","data":{"table":"bedoccupancy","total":"34","usedSubquery":true,"skippedCountDistinct":false},"timestamp":1783922181933}
{"sessionId":"dc7bab","hypothesisId":"A","location":"MigrationValidationController.php:getMSSQLCount","message":"identifier config","data":{"table":"patientvisits","identifierFields":["patientvisits_id"],"isComposite":false,"distinctCols":"patientvisits_id"},"timestamp":1783922182110}
{"sessionId":"dc7bab","hypothesisId":"B","location":"MigrationValidationController.php:getMSSQLCount","message":"count result","data":{"table":"patientvisits","total":"582","usedSubquery":true,"skippedCountDistinct":false},"timestamp":1783922182968}
{"sessionId":"dc7bab","hypothesisId":"A","location":"MigrationValidationController.php:getMSSQLCount","message":"identifier config","data":{"table":"payors","identifierFields":["payor_id"],"isComposite":false,"distinctCols":"payor_id"},"timestamp":1783922182977}
{"sessionId":"dc7bab","hypothesisId":"B","location":"MigrationValidationController.php:getMSSQLCount","message":"count result","data":{"table":"payors","total":"4","usedSubquery":true,"skippedCountDistinct":false},"timestamp":1783922183014}
{"sessionId":"dc7bab","hypothesisId":"A","location":"MigrationValidationController.php:getMSSQLCount","message":"identifier config","data":{"table":"dischargeprocesses","identifierFields":["dischargeprocesses_id"],"isComposite":false,"distinctCols":"dischargeprocesses_id"},"timestamp":1783922183023}
{"sessionId":"dc7bab","hypothesisId":"B","location":"MigrationValidationController.php:getMSSQLCount","message":"count result","data":{"table":"dischargeprocesses","total":"27","usedSubquery":true,"skippedCountDistinct":false},"timestamp":1783922183085}
{"sessionId":"dc7bab","hypothesisId":"A","location":"MigrationValidationController.php:getMSSQLCount","message":"identifier config","data":{"table":"patientbills","identifierFields":["patientbills_id"],"isComposite":false,"distinctCols":"patientbills_id"},"timestamp":1783922183283}
{"sessionId":"dc7bab","hypothesisId":"B","location":"MigrationValidationController.php:getMSSQLCount","message":"count result","data":{"table":"patientbills","total":"584","usedSubquery":true,"skippedCountDistinct":false},"timestamp":1783922184401}
{"sessionId":"dc7bab","hypothesisId":"A","location":"MigrationValidationController.php:getMSSQLCount","message":"identifier config","data":{"table":"patientbilleditems","identifierFields":["patientbilleditems_id"],"isComposite":false,"distinctCols":"patientbilleditems_id"},"timestamp":1783922194140}
{"sessionId":"dc7bab","hypothesisId":"B","location":"MigrationValidationController.php:getMSSQLCount","message":"count result","data":{"table":"patientbilleditems","total":"11179","usedSubquery":true,"skippedCountDistinct":false},"timestamp":1783922204845}
{"sessionId":"dc7bab","hypothesisId":"A","location":"MigrationValidationController.php:getMSSQLCount","message":"identifier config","data":{"table":"patientprocedures","identifierFields":["patientprocedures_id"],"isComposite":false,"distinctCols":"patientprocedures_id"},"timestamp":1783922204875}
{"sessionId":"dc7bab","hypothesisId":"B","location":"MigrationValidationController.php:getMSSQLCount","message":"count result","data":{"table":"patientprocedures","total":"0","usedSubquery":true,"skippedCountDistinct":false},"timestamp":1783922205722}
{"sessionId":"dc7bab","hypothesisId":"A","location":"MigrationValidationController.php:getMSSQLCount","message":"identifier config","data":{"table":"patientpackages","identifierFields":["patientpackages_id"],"isComposite":false,"distinctCols":"patientpackages_id"},"timestamp":1783922205915}
{"sessionId":"dc7bab","hypothesisId":"B","location":"MigrationValidationController.php:getMSSQLCount","message":"count result","data":{"table":"patientpackages","total":"204","usedSubquery":true,"skippedCountDistinct":false},"timestamp":1783922206147}
{"sessionId":"dc7bab","hypothesisId":"A","location":"MigrationValidationController.php:getMSSQLCount","message":"identifier config","data":{"table":"patientpackages_orderitems","identifierFields":["patientpackagesorderitems_id"],"isComposite":false,"distinctCols":"patientpackagesorderitems_id"},"timestamp":1783922206248}
{"sessionId":"dc7bab","hypothesisId":"B","location":"MigrationValidationController.php:getMSSQLCount","message":"count result","data":{"table":"patientpackages_orderitems","total":"1565","usedSubquery":true,"skippedCountDistinct":false},"timestamp":1783922208431}
{"sessionId":"dc7bab","hypothesisId":"A","location":"MigrationValidationController.php:getMSSQLCount","message":"identifier config","data":{"table":"patientbilleditempayments","identifierFields":["patientbilleditempayments_id"],"isComposite":false,"distinctCols":"patientbilleditempayments_id"},"timestamp":1783922210561}
{"sessionId":"dc7bab","hypothesisId":"B","location":"MigrationValidationController.php:getMSSQLCount","message":"count result","data":{"table":"patientbilleditempayments","total":"2975","usedSubquery":true,"skippedCountDistinct":false},"timestamp":1783922212176}
{"sessionId":"dc7bab","hypothesisId":"A","location":"MigrationValidationController.php:getMSSQLCount","message":"identifier config","data":{"table":"patientbilldeductions_careprovider","identifierFields":["careproviderdata_id"],"isComposite":false,"distinctCols":"careproviderdata_id"},"timestamp":1783922212205}
{"sessionId":"dc7bab","hypothesisId":"B","location":"MigrationValidationController.php:getMSSQLCount","message":"count result","data":{"table":"patientbilldeductions_careprovider","total":"272","usedSubquery":true,"skippedCountDistinct":false},"timestamp":1783922213349}
{"sessionId":"dc7bab","hypothesisId":"A","location":"MigrationValidationController.php:getMSSQLCount","message":"identifier config","data":{"table":"patientbills_paymentdetails","identifierFields":["paymentdetails_id"],"isComposite":false,"distinctCols":"paymentdetails_id"},"timestamp":1783922213440}
{"sessionId":"dc7bab","hypothesisId":"B","location":"MigrationValidationController.php:getMSSQLCount","message":"count result","data":{"table":"patientbills_paymentdetails","total":"375","usedSubquery":true,"skippedCountDistinct":false},"timestamp":1783922215395}
{"sessionId":"dc7bab","hypothesisId":"A","location":"MigrationValidationController.php:getMSSQLCount","message":"identifier config","data":{"table":"deposits","identifierFields":["deposits_id"],"isComposite":false,"distinctCols":"deposits_id"},"timestamp":1783922215498}
{"sessionId":"dc7bab","hypothesisId":"B","location":"MigrationValidationController.php:getMSSQLCount","message":"count result","data":{"table":"deposits","total":"131","usedSubquery":true,"skippedCountDistinct":false},"timestamp":1783922216180}
{"sessionId":"dc7bab","hypothesisId":"A","location":"MigrationValidationController.php:getMSSQLCount","message":"identifier config","data":{"table":"visitpayors","identifierFields":["patientvisits_visitpayors_id"],"isComposite":false,"distinctCols":"patientvisits_visitpayors_id"},"timestamp":1783922216445}
{"sessionId":"dc7bab","hypothesisId":"B","location":"MigrationValidationController.php:getMSSQLCount","message":"count result","data":{"table":"visitpayors","total":"902","usedSubquery":true,"skippedCountDistinct":false},"timestamp":1783922217847}
{"sessionId":"dc7bab","hypothesisId":"A","location":"MigrationValidationController.php:getMSSQLCount","message":"identifier config","data":{"table":"goodsreceives","identifierFields":["goodsreceives_id"],"isComposite":false,"distinctCols":"goodsreceives_id"},"timestamp":1783922217858}
{"sessionId":"dc7bab","hypothesisId":"B","location":"MigrationValidationController.php:getMSSQLCount","message":"count result","data":{"table":"goodsreceives","total":"4","usedSubquery":true,"skippedCountDistinct":false},"timestamp":1783922217917}
{"sessionId":"dc7bab","hypothesisId":"A","location":"MigrationValidationController.php:getMSSQLCount","message":"identifier config","data":{"table":"goodsreceives_itemdetails","identifierFields":["goodsreceives_itemdetails_id"],"isComposite":false,"distinctCols":"goodsreceives_itemdetails_id"},"timestamp":1783922217928}
{"sessionId":"dc7bab","hypothesisId":"B","location":"MigrationValidationController.php:getMSSQLCount","message":"count result","data":{"table":"goodsreceives_itemdetails","total":"4","usedSubquery":true,"skippedCountDistinct":false},"timestamp":1783922218037}
{"sessionId":"dc7bab","hypothesisId":"A","location":"MigrationValidationController.php:getMSSQLCount","message":"identifier config","data":{"table":"stock_trans_iss","identifierFields":["stocktransfers_id"],"isComposite":false,"distinctCols":"stocktransfers_id"},"timestamp":1783922218065}
{"sessionId":"dc7bab","hypothesisId":"B","location":"MigrationValidationController.php:getMSSQLCount","message":"count result","data":{"table":"stock_trans_iss","total":"49","usedSubquery":true,"skippedCountDistinct":false},"timestamp":1783922218372}
{"sessionId":"dc7bab","hypothesisId":"A","location":"MigrationValidationController.php:getMSSQLCount","message":"identifier config","data":{"table":"stock_trans_iss_items","identifierFields":["stocktransfers_itemdetails_id"],"isComposite":false,"distinctCols":"stocktransfers_itemdetails_id"},"timestamp":1783922218405}
{"sessionId":"dc7bab","hypothesisId":"B","location":"MigrationValidationController.php:getMSSQLCount","message":"count result","data":{"table":"stock_trans_iss_items","total":"78","usedSubquery":true,"skippedCountDistinct":false},"timestamp":1783922219334}
{"sessionId":"dc7bab","hypothesisId":"A","location":"MigrationValidationController.php:getMSSQLCount","message":"identifier config","data":{"table":"stock_returns","identifierFields":["stockreturns_id"],"isComposite":false,"distinctCols":"stockreturns_id"},"timestamp":1783922219342}
{"sessionId":"dc7bab","hypothesisId":"B","location":"MigrationValidationController.php:getMSSQLCount","message":"count result","data":{"table":"stock_returns","total":"0","usedSubquery":true,"skippedCountDistinct":false},"timestamp":1783922219363}
{"sessionId":"dc7bab","hypothesisId":"A","location":"MigrationValidationController.php:getMSSQLCount","message":"identifier config","data":{"table":"stock_returns_items","identifierFields":["stockreturns_itemdetails_id"],"isComposite":false,"distinctCols":"stockreturns_itemdetails_id"},"timestamp":1783922219370}
{"sessionId":"dc7bab","hypothesisId":"B","location":"MigrationValidationController.php:getMSSQLCount","message":"count result","data":{"table":"stock_returns_items","total":"0","usedSubquery":true,"skippedCountDistinct":false},"timestamp":1783922219385}
{"sessionId":"dc7bab","hypothesisId":"A","location":"MigrationValidationController.php:getMSSQLCount","message":"identifier config","data":{"table":"orderitemcodes","identifierFields":["code"],"isComposite":false,"distinctCols":"code"},"timestamp":1783922219392}
{"sessionId":"dc7bab","hypothesisId":"B","location":"MigrationValidationController.php:getMSSQLCount","message":"count result","data":{"table":"orderitemcodes","total":"0","usedSubquery":true,"skippedCountDistinct":false},"timestamp":1783922219740}
{"sessionId":"dc7bab","hypothesisId":"A","location":"MigrationValidationController.php:getMSSQLCount","message":"identifier config","data":{"table":"departments","identifierFields":["departmentcode"],"isComposite":false,"distinctCols":"departmentcode"},"timestamp":1783922219750}
{"sessionId":"dc7bab","hypothesisId":"B","location":"MigrationValidationController.php:getMSSQLCount","message":"count result","data":{"table":"departments","total":"0","usedSubquery":true,"skippedCountDistinct":false},"timestamp":1783922219818}
{"sessionId":"dc7bab","hypothesisId":"A","location":"MigrationValidationController.php:getMSSQLCount","message":"identifier config","data":{"table":"vendors","identifierFields":["vendorcode"],"isComposite":false,"distinctCols":"vendorcode"},"timestamp":1783922219823}
{"sessionId":"dc7bab","hypothesisId":"B","location":"MigrationValidationController.php:getMSSQLCount","message":"count result","data":{"table":"vendors","total":"0","usedSubquery":true,"skippedCountDistinct":false},"timestamp":1783922219974}
{"sessionId":"dc7bab","hypothesisId":"A","location":"MigrationValidationController.php:getMSSQLCount","message":"identifier config","data":{"table":"tpas","identifierFields":["tpa_id"],"isComposite":false,"distinctCols":"tpa_id"},"timestamp":1783922219983}
{"sessionId":"dc7bab","hypothesisId":"B","location":"MigrationValidationController.php:getMSSQLCount","message":"count result","data":{"table":"tpas","total":"4","usedSubquery":true,"skippedCountDistinct":false},"timestamp":1783922220026}
{"sessionId":"dc7bab","hypothesisId":"A","location":"MigrationValidationController.php:getMSSQLCount","message":"identifier config","data":{"table":"payortpaagreement","identifierFields":["payor_id"],"isComposite":false,"distinctCols":"payor_id"},"timestamp":1783922220031}
{"sessionId":"dc7bab","hypothesisId":"B","location":"MigrationValidationController.php:getMSSQLCount","message":"count result","data":{"table":"payortpaagreement","total":"4","usedSubquery":true,"skippedCountDistinct":false},"timestamp":1783922220116}
{"sessionId":"dc7bab","hypothesisId":"A","location":"MigrationValidationController.php:getMSSQLCount","message":"identifier config","data":{"table":"itemmasters","identifierFields":["itemmasters_id"],"isComposite":false,"distinctCols":"itemmasters_id"},"timestamp":1783922220159}
{"sessionId":"dc7bab","hypothesisId":"B","location":"MigrationValidationController.php:getMSSQLCount","message":"count result","data":{"table":"itemmasters","total":"0","usedSubquery":true,"skippedCountDistinct":false},"timestamp":1783922220402}
{"sessionId":"dc7bab","hypothesisId":"A","location":"MigrationValidationController.php:getMSSQLCount","message":"identifier config","data":{"table":"patientbilleditempayments_paymentdetails","identifierFields":["paymentdetails_id_PK"],"isComposite":false,"distinctCols":"paymentdetails_id_PK"},"timestamp":1783922220927}
{"sessionId":"dc7bab","hypothesisId":"B","location":"MigrationValidationController.php:getMSSQLCount","message":"count result","data":{"table":"patientbilleditempayments_paymentdetails","total":"10741","usedSubquery":true,"skippedCountDistinct":false},"timestamp":1783922226077}
{"sessionId":"dc7bab","hypothesisId":"A","location":"MigrationValidationController.php:getMSSQLCount","message":"identifier config","data":{"table":"itembillinggroup","identifierFields":["orderitem_id"],"isComposite":false,"distinctCols":"orderitem_id"},"timestamp":1783922226082}
{"sessionId":"dc7bab","hypothesisId":"B","location":"MigrationValidationController.php:getMSSQLCount","message":"count result","data":{"table":"itembillinggroup","total":"0","usedSubquery":true,"skippedCountDistinct":false},"timestamp":1783922226600}
{"sessionId":"dc7bab","hypothesisId":"A","location":"MigrationValidationController.php:getMSSQLCount","message":"identifier config","data":{"table":"stockledgers","identifierFields":["stockledgers_id"],"isComposite":false,"distinctCols":"stockledgers_id"},"timestamp":1783922226617}
{"sessionId":"dc7bab","hypothesisId":"B","location":"MigrationValidationController.php:getMSSQLCount","message":"count result","data":{"table":"stockledgers","total":"38","usedSubquery":true,"skippedCountDistinct":false},"timestamp":1783922227100}
{"sessionId":"dc7bab","hypothesisId":"A","location":"MigrationValidationController.php:getMSSQLCount","message":"identifier config","data":{"table":"stockledgersdetails","identifierFields":["stockledgersdetails_id"],"isComposite":false,"distinctCols":"stockledgersdetails_id"},"timestamp":1783922227162}
{"sessionId":"dc7bab","hypothesisId":"B","location":"MigrationValidationController.php:getMSSQLCount","message":"count result","data":{"table":"stockledgersdetails","total":"73","usedSubquery":true,"skippedCountDistinct":false},"timestamp":1783922233512}
{"sessionId":"dc7bab","hypothesisId":"A","location":"MigrationValidationController.php:getMSSQLCount","message":"identifier config","data":{"table":"tariff_master","identifierFields":["tariffs_id"],"isComposite":false,"distinctCols":"tariffs_id"},"timestamp":1783922233518}
{"sessionId":"dc7bab","hypothesisId":"B","location":"MigrationValidationController.php:getMSSQLCount","message":"count result","data":{"table":"tariff_master","total":"0","usedSubquery":true,"skippedCountDistinct":false},"timestamp":1783922234105}
{"sessionId":"dc7bab","hypothesisId":"A","location":"MigrationValidationController.php:getMSSQLCount","message":"identifier config","data":{"table":"patientchargecodes","identifierFields":["chargecodes_id","patientvisituid","patientorderuid","patientorderitemuid","org_id"],"isComposite":true,"distinctCols":"chargecodes_id, patientvisituid, patientorderuid, patientorderitemuid, org_id"},"timestamp":1783922234110}
{"sessionId":"dc7bab","hypothesisId":"B","location":"MigrationValidationController.php:getMSSQLCount","message":"count result","data":{"table":"patientchargecodes","total":"63802","usedSubquery":true,"skippedCountDistinct":true},"timestamp":1783922237235}
{"sessionId":"dc7bab","hypothesisId":"A","location":"MigrationValidationController.php:getMSSQLCount","message":"identifier config","data":{"table":"stockdispenses","identifierFields":["stockdispensesitemdetails_id"],"isComposite":false,"distinctCols":"stockdispensesitemdetails_id"},"timestamp":1783922237913}
{"sessionId":"dc7bab","hypothesisId":"B","location":"MigrationValidationController.php:getMSSQLCount","message":"count result","data":{"table":"stockdispenses","total":"2382","usedSubquery":true,"skippedCountDistinct":false},"timestamp":1783922241033}
{"sessionId":"dc7bab","hypothesisId":"A","location":"MigrationValidationController.php:getMSSQLCount","message":"identifier config","data":{"table":"patientbilldeductions","identifierFields":["patientbilldeductions_id"],"isComposite":false,"distinctCols":"patientbilldeductions_id"},"timestamp":1783922334845}
{"sessionId":"dc7bab","hypothesisId":"B","location":"MigrationValidationController.php:getMSSQLCount","message":"count result","data":{"table":"patientbilldeductions","total":"632","usedSubquery":true,"skippedCountDistinct":false},"timestamp":1783922335573}
{"sessionId":"dc7bab","hypothesisId":"A","location":"MigrationValidationController.php:getMSSQLCount","message":"identifier config","data":{"table":"patients","identifierFields":["mrn"],"isComposite":false,"distinctCols":"mrn"},"timestamp":1783922832260}
{"sessionId":"dc7bab","hypothesisId":"B","location":"MigrationValidationController.php:getMSSQLCount","message":"count result","data":{"table":"patients","total":"344","usedSubquery":true,"skippedCountDistinct":false},"timestamp":1783922832949}
{"sessionId":"dc7bab","hypothesisId":"A","location":"MigrationValidationController.php:getMSSQLCount","message":"identifier config","data":{"table":"bedoccupancy","identifierFields":["bedoccupancy_id"],"isComposite":false,"distinctCols":"bedoccupancy_id"},"timestamp":1783923429989}
{"sessionId":"dc7bab","hypothesisId":"B","location":"MigrationValidationController.php:getMSSQLCount","message":"count result","data":{"table":"bedoccupancy","total":"34","usedSubquery":true,"skippedCountDistinct":false},"timestamp":1783923430242}
{"sessionId":"dc7bab","hypothesisId":"A","location":"MigrationValidationController.php:getMSSQLCount","message":"identifier config","data":{"table":"patientvisits","identifierFields":["patientvisits_id"],"isComposite":false,"distinctCols":"patientvisits_id"},"timestamp":1783923436789}
{"sessionId":"dc7bab","hypothesisId":"B","location":"MigrationValidationController.php:getMSSQLCount","message":"count result","data":{"table":"patientvisits","total":"582","usedSubquery":true,"skippedCountDistinct":false},"timestamp":1783923437952}
{"sessionId":"dc7bab","hypothesisId":"A","location":"MigrationValidationController.php:getMSSQLCount","message":"identifier config","data":{"table":"patients","identifierFields":["mrn"],"isComposite":false,"distinctCols":"mrn"},"timestamp":1783923441308}
{"sessionId":"dc7bab","hypothesisId":"B","location":"MigrationValidationController.php:getMSSQLCount","message":"count result","data":{"table":"patients","total":"344","usedSubquery":true,"skippedCountDistinct":false},"timestamp":1783923442010}
